
[test_init] Initialization
STACK: BOTTOM { } TOP

