
[test_push_empty] Stack push after initialization
STACK: BOTTOM { } TOP
STACK: BOTTOM { a } TOP

