
[test_pop] Stack pop
STACK: BOTTOM { a } TOP
STACK: BOTTOM { } TOP

