
[test_pop_multiple] Multiple stack pops
STACK: BOTTOM { a b c d e } TOP
STACK: BOTTOM { a b } TOP

