
[test_empty] Stack is empty after initialization
STACK: BOTTOM { } TOP
Is stack empty? Yes

