
[test_full] Stack is full after filling
STACK: BOTTOM { 0 1 2 3 4 5 6 7 } TOP
Is stack full? Yes

