
[test_dispose] Dispose stack
STACK: BOTTOM { a b c d e f g h } TOP
STACK: NOT INITIALISED

