
[test_get_first_empty] Získání hodnoty prvního prvku v prázdném seznamu
List elements  : none (list is empty)
First element  : not initialised (list is empty)
Last element   : not initialised (list is empty)
Active element : not initialised (no item is active)
*ERROR* The program has performed an illegal operation.

