
[test_first_empty] Aktivace prvního prvku v prázdném seznamu
List elements  : none (list is empty)
First element  : not initialised (list is empty)
Last element   : not initialised (list is empty)
Active element : not initialised (no item is active)
Active element : not initialised (no item is active)

