
[test_get_first] Získání hodnoty prvního prvku
List elements  : 1 2 3
First element  : 1
Last element   : 3
Active element : not initialised (no item is active)
Returned value : 1

