
[test_get_last] Získání hodnoty posledního prvku
List elements  : 1 2 3
First element  : 1
Last element   : 3
Active element : not initialised (no item is active)
Returned value : 3

