
[test_insert_after] Vložení několika prvků po aktivním prvku
List elements  : 1
First element  : 1
Last element   : 1
Active element : not initialised (no item is active)
List elements  : 1 2
First element  : 1
Last element   : 2
Active element : 1
List elements  : 1 2 3
First element  : 1
Last element   : 3
Active element : 2
List elements  : 1 2 3 4
First element  : 1
Last element   : 4
Active element : 3

