
[test_insert_before] Vložení několika prvků po před aktivní prvek
List elements  : 4
First element  : 4
Last element   : 4
Active element : not initialised (no item is active)
List elements  : 3 4
First element  : 3
Last element   : 4
Active element : 4
List elements  : 2 3 4
First element  : 2
Last element   : 4
Active element : 3
List elements  : 1 2 3 4
First element  : 1
Last element   : 4
Active element : 2

