
[test_delete_before] Zrušení prvku před aktivním prvkem
List elements  : 1 1 2 2 3 3
First element  : 1
Last element   : 3
Active element : not initialised (no item is active)
List elements  : 1 1 2 2 3
First element  : 1
Last element   : 3
Active element : 3
List elements  : 1 1 2 3
First element  : 1
Last element   : 3
Active element : 2
List elements  : 1 2 3
First element  : 1
Last element   : 3
Active element : 1

