
[test_delete_after] Zrušení prvku po aktivním prvku
List elements  : 1 1 2 2 3 3
First element  : 1
Last element   : 3
Active element : not initialised (no item is active)
List elements  : 1 2 2 3 3
First element  : 1
Last element   : 3
Active element : 1
List elements  : 1 2 3 3
First element  : 1
Last element   : 3
Active element : 2
List elements  : 1 2 3
First element  : 1
Last element   : 3
Active element : 3

