
[test_dispose] Zrušení prvků seznamu
List elements  : 1 2 3
First element  : 1
Last element   : 3
Active element : not initialised (no item is active)
List elements  : none (list is empty)
First element  : not initialised (list is empty)
Last element   : not initialised (list is empty)
Active element : not initialised (no item is active)

