
[test_05] Simple parentheses support
Provided infix  : (a+b)=
Expected postfix: ab+=
Conversion match: OK


