
[test_eval_03] Evaluate expression
expression : a*b+c/d=
variables  : a = 10, b = 3, c = 100, d = 5
eval result: 50

